
> client@0.0.0 test
> vitest --run


[1m[46m RUN [49m[22m [36mv4.0.18 [39m[90mC:/Users/carlos.araujo/Documents/Carlos/BibleAppPro/client[39m

node.exe : [90mstderr[2m | src/__tests__/ChatPage.test.tsx[2m > 
[22m[2mChatPage[2m > [22m[2mshould render ChatPage with title
No linha:1 caractere:1
+ & "C:\Program Files\nodejs/node.exe" "C:\Program Files\nodejs/node_mo ...
+ ~~~~~~~~~~~~~~~~~~~~~~~~~~~~~~~~~~~~~~~~~~~~~~~~~~~~~~~~~~~~~~~~~~~~~
    + CategoryInfo          : NotSpecified: ([90mstderr[2m...Page with title 
   :String) [], RemoteException
    + FullyQualifiedErrorId : NativeCommandError
 
[22m[39mAn update to ChatPage inside a test was not wrapped in act(...).

When testing, code that causes React state updates should be wrapped into 
act(...):

act(() => {
  /* fire events that update state */
});
/* assert on the output */

This ensures that you're testing the behavior the user would see in the 
browser. Learn more at https://react.dev/link/wrap-tests-with-act

[90mstderr[2m | src/__tests__/ChatPage.test.tsx[2m > [22m[2mChatPage[2m 
> [22m[2mshould have two tabs: Usu├írios and Assistente
[22m[39mAn update to ChatPage inside a test was not wrapped in act(...).

When testing, code that causes React state updates should be wrapped into 
act(...):

act(() => {
  /* fire events that update state */
});
/* assert on the output */

This ensures that you're testing the behavior the user would see in the 
browser. Learn more at https://react.dev/link/wrap-tests-with-act

[90mstderr[2m | src/__tests__/ChatPage.test.tsx[2m > [22m[2mChatPage[2m 
> [22m[2mshould switch to users tab by default
[22m[39mAn update to ChatPage inside a test was not wrapped in act(...).

When testing, code that causes React state updates should be wrapped into 
act(...):

act(() => {
  /* fire events that update state */
});
/* assert on the output */

This ensures that you're testing the behavior the user would see in the 
browser. Learn more at https://react.dev/link/wrap-tests-with-act

[90mstderr[2m | src/__tests__/ChatPage.test.tsx[2m > [22m[2mChatPage[2m 
> [22m[2mshould disable send button when input is empty
[22m[39mAn update to ChatPage inside a test was not wrapped in act(...).

When testing, code that causes React state updates should be wrapped into 
act(...):

act(() => {
  /* fire events that update state */
});
/* assert on the output */

This ensures that you're testing the behavior the user would see in the 
browser. Learn more at https://react.dev/link/wrap-tests-with-act

[90mstderr[2m | src/__tests__/ChatPage.test.tsx[2m > [22m[2mChatPage[2m 
> [22m[2mshould handle WebSocket messages
[22m[39mAn update to ChatPage inside a test was not wrapped in act(...).

When testing, code that causes React state updates should be wrapped into 
act(...):

act(() => {
  /* fire events that update state */
});
/* assert on the output */

This ensures that you're testing the behavior the user would see in the 
browser. Learn more at https://react.dev/link/wrap-tests-with-act

[90mstderr[2m | src/__tests__/ChatPage.test.tsx[2m > [22m[2mChatPage[2m 
> [22m[2mshould avoid duplicate messages from WebSocket
[22m[39mAn update to ChatPage inside a test was not wrapped in act(...).

When testing, code that causes React state updates should be wrapped into 
act(...):

act(() => {
  /* fire events that update state */
});
/* assert on the output */

This ensures that you're testing the behavior the user would see in the 
browser. Learn more at https://react.dev/link/wrap-tests-with-act
An update to ChatPage inside a test was not wrapped in act(...).

When testing, code that causes React state updates should be wrapped into 
act(...):

act(() => {
  /* fire events that update state */
});
/* assert on the output */

This ensures that you're testing the behavior the user would see in the 
browser. Learn more at https://react.dev/link/wrap-tests-with-act

 [31mΓ¥»[39m src/__tests__/ChatPage.test.tsx [2m([22m[2m14 tests[22m[2m | [22m[31m1 failed[39m[2m)[22m[33m 2653[2mms[22m[39m
     [32mΓ£ô[39m should render ChatPage with title[32m 30[2mms[22m[39m
     [32mΓ£ô[39m should load and display messages on mount[32m 24[2mms[22m[39m
     [32mΓ£ô[39m should have two tabs: Usu├írios and Assistente[32m 8[2mms[22m[39m
     [32mΓ£ô[39m should switch to users tab by default[32m 11[2mms[22m[39m
     [32mΓ£ô[39m should switch to assistant tab when clicked[32m 8[2mms[22m[39m
     [33m[2mΓ£ô[22m[39m should send user message and broadcast via WebSocket [33m 384[2mms[22m[39m
     [33m[2mΓ£ô[22m[39m should generate AI response on assistant tab [33m 406[2mms[22m[39m
     [32mΓ£ô[39m should disable send button when input is empty[32m 3[2mms[22m[39m
     [32mΓ£ô[39m should clear input after sending message[32m 295[2mms[22m[39m
[31m     [31m├ù[31m should handle WebSocket messages[39m[33m 1021[2mms[22m[39m
     [32mΓ£ô[39m should display assistant messages with ≡ƒñû emoji[32m 7[2mms[22m[39m
     [32mΓ£ô[39m should handle Enter key to send user message[32m 252[2mms[22m[39m
     [32mΓ£ô[39m should handle Enter key to generate AI response[32m 187[2mms[22m[39m
     [32mΓ£ô[39m should avoid duplicate messages from WebSocket[32m 17[2mms[22m[39m

[31mΓÄ»ΓÄ»ΓÄ»ΓÄ»ΓÄ»ΓÄ»ΓÄ»[39m[1m[41m Failed Tests 1 
[49m[22m[31mΓÄ»ΓÄ»ΓÄ»ΓÄ»ΓÄ»ΓÄ»ΓÄ»[39m

[41m[1m FAIL [22m[49m src/__tests__/ChatPage.test.tsx[2m > 
[22mChatPage[2m > [22mshould handle WebSocket messages
[31m[1mTestingLibraryElementError[22m[39m: Unable to find an element with 
the text: Real-time message. This could be because the text is broken up by 
multiple elements. In this case, you can provide a function for your text 
matcher to make your matcher more flexible.

Ignored nodes: comments, script, style
[36m<body>[39m
  [36m<div>[39m
    [36m<div[39m
      [33mclass[39m=[32m"p-6 md:p-8 max-w-3xl mx-auto flex flex-col 
h-full"[39m
    [36m>[39m
      [36m<header[39m
        [33mclass[39m=[32m"mb-4"[39m
      [36m>[39m
        [36m<h1[39m
          [33mclass[39m=[32m"text-3xl font-bold"[39m
        [36m>[39m
          [0mChat[0m
        [36m</h1>[39m
        [36m<p[39m
          [33mclass[39m=[32m"text-sm text-muted-foreground"[39m
        [36m>[39m
          [0mConverse com outros usu├írios (beta) ou pergunte ao assistente 
local.[0m
        [36m</p>[39m
      [36m</header>[39m
      [36m<div[39m
        [33mclass[39m=[32m"flex gap-2 mb-4"[39m
      [36m>[39m
        [36m<button[39m
          [33mclass[39m=[32m"px-4 py-2 rounded-lg bg-card"[39m
        [36m>[39m
          [0mUsu├írios[0m
        [36m</button>[39m
        [36m<button[39m
          [33mclass[39m=[32m"px-4 py-2 rounded-lg bg-muted"[39m
        [36m>[39m
          [0mAssistente[0m
        [36m</button>[39m
      [36m</div>[39m
      [36m<div[39m
        [33mclass[39m=[32m"flex-1 overflow-y-auto space-y-2 mb-4"[39m
      [36m>[39m
        [36m<div[39m
          [33mclass[39m=[32m"p-2 rounded-xl bg-card"[39m
        [36m>[39m
          [36m<div[39m
            [33mclass[39m=[32m"text-xs text-muted-foreground"[39m
          [36m>[39m
            [0muser1[0m
            [0m ΓÇó [0m
            [0m12:31:56[0m
          [36m</div>[39m
          [36m<div[39m
            [33mclass[39m=[32m"text-sm mt-1"[39m
          [36m>[39m
            [0mOl├í![0m
          [36m</div>[39m
        [36m</div>[39m
        [36m<div[39m
          [33mclass[39m=[32m"p-2 rounded-xl bg-emerald-50 
dark:bg-emerald-900/20"[39m
        [36m>[39m
          [36m<div[39m
            [33mclass[39m=[32m"text-xs text-muted-foreground"[39m
          [36m>[39m
            [0m≡ƒñû Assistente[0m
            [0m ΓÇó [0m
            [0m12:31:56[0m
          [36m</div>[39m
          [36m<div[39m
            [33mclass[39m=[32m"text-sm mt-1"[39m
          [36m>[39m
            [0mOi, como posso ajudar?[0m
          [36m</div>[39m
        [36m</div>[39m
        [36m<div />[39m
      [36m</div>[39m
      [36m<div[39m
        [33mclass[39m=[32m"flex gap-2"[39m
      [36m>[39m
        [36m<input[39m
          [33mclass[39m=[32m"flex-1 border rounded-lg px-3 py-2 
bg-background"[39m
          [33mplaceholder[39m=[32m"Digite uma mensagem..."[39m
          [33mvalue[39m=[32m""[39m
        [36m/>[39m
        [36m<button[39m
          [33mclass[39m=[32m"inline-flex items-center justify-center 
rounded-[10px] focus-visible:outline-none focus-visible:ring-2 
focus-visible:ring-ring disabled:pointer-events-none disabled:opacity-50 
active:scale-[0.98] bg-primary text-primary-foreground font-semibold shadow-md 
hover:shadow-lg hover:-translate-y-0.5 hover:ring-2 hover:ring-primary/30 
transition-all duration-200 h-[42px] px-5 text-sm"[39m
          [33mdisabled[39m=[32m""[39m
        [36m>[39m
          [0mEnviar[0m
        [36m</button>[39m
      [36m</div>[39m
    [36m</div>[39m
  [36m</div>[39m
[36m</body>[39m

Ignored nodes: comments, script, style
[36m<html>[39m
  [36m<head />[39m
  [36m<body>[39m
    [36m<div>[39m
      [36m<div[39m
        [33mclass[39m=[32m"p-6 md:p-8 max-w-3xl mx-auto flex flex-col 
h-full"[39m
      [36m>[39m
        [36m<header[39m
          [33mclass[39m=[32m"mb-4"[39m
        [36m>[39m
          [36m<h1[39m
            [33mclass[39m=[32m"text-3xl font-bold"[39m
          [36m>[39m
            [0mChat[0m
          [36m</h1>[39m
          [36m<p[39m
            [33mclass[39m=[32m"text-sm text-muted-foreground"[39m
          [36m>[39m
            [0mConverse com outros usu├írios (beta) ou pergunte ao assistente 
local.[0m
          [36m</p>[39m
        [36m</header>[39m
        [36m<div[39m
          [33mclass[39m=[32m"flex gap-2 mb-4"[39m
        [36m>[39m
          [36m<button[39m
            [33mclass[39m=[32m"px-4 py-2 rounded-lg bg-card"[39m
          [36m>[39m
            [0mUsu├írios[0m
          [36m</button>[39m
          [36m<button[39m
            [33mclass[39m=[32m"px-4 py-2 rounded-lg bg-muted"[39m
          [36m>[39m
            [0mAssistente[0m
          [36m</button>[39m
        [36m</div>[39m
        [36m<div[39m
          [33mclass[39m=[32m"flex-1 overflow-y-auto space-y-2 mb-4"[39m
        [36m>[39m
          [36m<div[39m
            [33mclass[39m=[32m"p-2 rounded-xl bg-card"[39m
          [36m>[39m
            [36m<div[39m
              [33mclass[39m=[32m"text-xs text-muted-foreground"[39m
            [36m>[39m
              [0muser1[0m
              [0m ΓÇó [0m
              [0m12:31:56[0m
            [36m</div>[39m
            [36m<div[39m
              [33mclass[39m=[32m"text-sm mt-1"[39m
            [36m>[39m
              [0mOl├í![0m
            [36m</div>[39m
          [36m</div>[39m
          [36m<div[39m
            [33mclass[39m=[32m"p-2 rounded-xl bg-emerald-50 
dark:bg-emerald-900/20"[39m
          [36m>[39m
            [36m<div[39m
              [33mclass[39m=[32m"text-xs text-muted-foreground"[39m
            [36m>[39m
              [0m≡ƒñû Assistente[0m
              [0m ΓÇó [0m
              [0m12:31:56[0m
            [36m</div>[39m
            [36m<div[39m
              [33mclass[39m=[32m"text-sm mt-1"[39m
            [36m>[39m
              [0mOi, como posso ajudar?[0m
            [36m</div>[39m
          [36m</div>[39m

[2m Test Files [22m [1m[31m1 failed[39m[22m[90m (1)[39m
[2m      Tests [22m [1m[31m1 failed[39m[22m[2m | [22m[1m[32m13 passed[39m[22m[90m (14)[39m
[2m   Start at [22m 12:31:54
[2m   Duration [22m 3.96s[2m (transform 159ms, setup 166ms, import 190ms, tests 2.65s, environment 773ms)[22m

          [36m<div />[39m
        [36m</div>[39m
        [36m<div[39m
          [33mclass[39m=[32m"flex gap-2"[39m
        [36m>[39m
          [36m<input[39m
            [33mclass[39m=[32m"flex-1 border rounded-lg px-3 py-2 
bg-background"[39m
            [33mplaceholder[39m=[32m"Digite uma mensagem..."[39m
            [33mvalue[39m=[32m""[39m
          [36m/>[39m
          [36m<button[39m
            [33mclass[39m=[32m"inline-flex items-center justify-center 
rounded-[10px] focus-visible:outline-none focus-visible:ring-2 
focus-visible:ring-ring disabled:pointer-events-none disabled:opacity-50 
active:scale-[0.98] bg-primary text-primary-foreground font-semibold shadow-md 
hover:shadow-lg hover:-translate-y-0.5 hover:ring-2 hover:ring-primary/30 
transition-all duration-200 h-[42px] px-5 text-sm"[39m
            [33mdisabled[39m=[32m""[39m
          [36m>[39m
            [0mEnviar[0m
          [36m</button>[39m
        [36m</div>[39m
      [36m</div>[39m
    [36m</div>[39m
  [36m</body>[39m
[36m</html>[39m
[90m [2mΓ¥»[22m Proxy.waitForWrapper 
node_modules/@testing-library/dom/dist/wait-for.js:[2m163:27[22m[39m
[36m [2mΓ¥»[22m src/__tests__/ChatPage.test.tsx:[2m185:19[22m[39m
    [90m183| [39m            [34mmessageHandler[39m(newMessage)[33m;[39m
    [90m184| [39m
    [90m185| [39m            [35mawait[39m [34mwaitFor[39m(() 
[33m=>[39m {
    [90m   | [39m                  [31m^[39m
    [90m186| [39m                expect(screen.getByText('Real-time 
message')).toBeTrutΓÇª
    [90m187| [39m            })[33m;[39m

[31m[2mΓÄ»ΓÄ»ΓÄ»ΓÄ»ΓÄ»ΓÄ»ΓÄ»ΓÄ»ΓÄ»ΓÄ»ΓÄ»ΓÄ»ΓÄ»ΓÄ»ΓÄ»ΓÄ»ΓÄ»ΓÄ»ΓÄ»ΓÄ»ΓÄ»ΓÄ»ΓÄ»Γ
Ä»[1/1]ΓÄ»[22m[39m

